// Vitest Snapshot v1, https://vitest.dev/guide/snapshot.html

exports[`WaitingModal > should match snapshot when closed 1`] = `<DocumentFragment />`;

exports[`WaitingModal > should match snapshot when open 1`] = `
<DocumentFragment>
  <div
    class="waiting-backdrop"
  >
    <div
      class="waiting-modal"
    >
      ‚è≥
    </div>
  </div>
</DocumentFragment>
`;
